// Jest Snapshot v1, https://goo.gl/fbAQLP

exports[`renders correctly 1`] = `
<View
  style={
    Object {
      "alignItems": "center",
      "flexDirection": "column",
      "width": "100%",
    }
  }
>
  <View
    style={
      Object {
        "alignItems": "center",
        "flexDirection": "row",
      }
    }
  >
    <Text
      style={
        Object {
          "color": "white",
          "fontSize": 60,
          "fontWeight": "bold",
        }
      }
    >
      10.0
       °C
    </Text>
    <Image
      source={
        Object {
          "uri": "testIcon",
        }
      }
      style={
        Object {
          "height": 48,
          "marginLeft": 10,
          "width": 48,
        }
      }
    />
  </View>
  <Text
    style={
      Object {
        "color": "white",
        "fontSize": 25,
        "fontWeight": "bold",
        "textTransform": "capitalize",
      }
    }
  >
    testDescription
  </Text>
  <View
    style={
      Array [
        Object {
          "backgroundColor": "#00AAFF",
          "borderColor": "#0086ff",
          "borderRadius": 15,
          "borderWidth": 1,
          "elevation": 1,
          "marginTop": 25,
          "paddingHorizontal": 20,
          "paddingVertical": 15,
          "width": "100%",
        },
        undefined,
      ]
    }
  >
    <View
      style={
        Array [
          Object {
            "alignItems": "center",
            "flexDirection": "row",
            "justifyContent": "space-between",
            "marginBottom": 20,
            "width": "100%",
          },
          undefined,
        ]
      }
    >
      <Text
        style={
          Array [
            Object {
              "color": "white",
              "fontSize": 18,
              "fontWeight": "600",
            },
            undefined,
          ]
        }
      >
        Temp. min:
      </Text>
      <Text
        style={
          Array [
            Object {
              "color": "white",
              "fontSize": 18,
            },
            undefined,
          ]
        }
      >
        2.0 °C
      </Text>
    </View>
    <View
      style={
        Array [
          Object {
            "alignItems": "center",
            "flexDirection": "row",
            "justifyContent": "space-between",
            "marginBottom": 20,
            "width": "100%",
          },
          undefined,
        ]
      }
    >
      <Text
        style={
          Array [
            Object {
              "color": "white",
              "fontSize": 18,
              "fontWeight": "600",
            },
            undefined,
          ]
        }
      >
        Temp. max:
      </Text>
      <Text
        style={
          Array [
            Object {
              "color": "white",
              "fontSize": 18,
            },
            undefined,
          ]
        }
      >
        11.0 °C
      </Text>
    </View>
    <View
      style={
        Array [
          Object {
            "alignItems": "center",
            "flexDirection": "row",
            "justifyContent": "space-between",
            "marginBottom": 20,
            "width": "100%",
          },
          undefined,
        ]
      }
    >
      <Text
        style={
          Array [
            Object {
              "color": "white",
              "fontSize": 18,
              "fontWeight": "600",
            },
            undefined,
          ]
        }
      >
        Sensação:
      </Text>
      <Text
        style={
          Array [
            Object {
              "color": "white",
              "fontSize": 18,
            },
            undefined,
          ]
        }
      >
        1.0 °C
      </Text>
    </View>
    <View
      style={
        Array [
          Object {
            "alignItems": "center",
            "flexDirection": "row",
            "justifyContent": "space-between",
            "marginBottom": 20,
            "width": "100%",
          },
          undefined,
        ]
      }
    >
      <Text
        style={
          Array [
            Object {
              "color": "white",
              "fontSize": 18,
              "fontWeight": "600",
            },
            undefined,
          ]
        }
      >
        Umidade:
      </Text>
      <Text
        style={
          Array [
            Object {
              "color": "white",
              "fontSize": 18,
            },
            undefined,
          ]
        }
      >
        80%
      </Text>
    </View>
    <View
      style={
        Array [
          Object {
            "alignItems": "center",
            "flexDirection": "row",
            "justifyContent": "space-between",
            "marginBottom": 20,
            "width": "100%",
          },
          undefined,
        ]
      }
    >
      <Text
        style={
          Array [
            Object {
              "color": "white",
              "fontSize": 18,
              "fontWeight": "600",
            },
            undefined,
          ]
        }
      >
        Pressão:
      </Text>
      <Text
        style={
          Array [
            Object {
              "color": "white",
              "fontSize": 18,
            },
            undefined,
          ]
        }
      >
        5 mbar
      </Text>
    </View>
    <View
      style={
        Array [
          Object {
            "alignItems": "center",
            "flexDirection": "row",
            "justifyContent": "space-between",
            "marginBottom": 20,
            "width": "100%",
          },
          undefined,
        ]
      }
    >
      <Text
        style={
          Array [
            Object {
              "color": "white",
              "fontSize": 18,
              "fontWeight": "600",
            },
            undefined,
          ]
        }
      >
        Vel. do vento:
      </Text>
      <Text
        style={
          Array [
            Object {
              "color": "white",
              "fontSize": 18,
            },
            undefined,
          ]
        }
      >
        46.80 Km/h
      </Text>
    </View>
  </View>
</View>
`;
