// Jest Snapshot v1, https://goo.gl/fbAQLP

exports[`renders correctly 1`] = `
<View
  style={
    Object {
      "alignItems": "center",
      "flexDirection": "row",
      "justifyContent": "space-between",
      "marginVertical": 13,
      "width": "100%",
    }
  }
>
  <Text
    style={
      Object {
        "color": "#0086ff",
        "fontSize": 17,
        "textTransform": "capitalize",
        "width": "12%",
      }
    }
  >
    seg
  </Text>
  <Image
    source={
      Object {
        "uri": "http://openweathermap.org/img/wn/01d.png",
      }
    }
    style={
      Object {
        "height": 32,
        "width": 32,
      }
    }
  />
  <Text
    style={
      Object {
        "color": "#0086ff",
        "fontSize": 17,
        "textTransform": "capitalize",
        "width": "40%",
      }
    }
  >
    céu limpo
  </Text>
  <Text
    style={
      Object {
        "color": "#0086ff",
        "fontSize": 17,
        "textAlign": "right",
        "textTransform": "capitalize",
        "width": "30%",
      }
    }
  >
    15
     °C / 
    27
     °C
  </Text>
</View>
`;
